[themewagon.github.io/perfectcut/index.html]
[backblue.gif]
[fade.gif]
[index.html]
[themewagon.github.io/perfectcut/css/bootstrap.min.css]
[themewagon.github.io/perfectcut/css/style.css]
[themewagon.github.io/perfectcut/css/responsive.css]
[themewagon.github.io/perfectcut/images/fevicon.png]
[themewagon.github.io/perfectcut/css/jquery.mCustomScrollbar.min.css]
[netdna.bootstrapcdn.com/font-awesome/4.0.3/css/font-awesome.css]
[themewagon.github.io/perfectcut/css/owl.carousel.min.css]
[themewagon.github.io/perfectcut/css/owl.theme.default.min.css]
[cdnjs.cloudflare.com/ajax/libs/fancybox/2.1.5/jquery.fancybox.min.css]
[unpkg.com/gijgo@1.9.13/css/gijgo.min.css]
[themewagon.github.io/perfectcut/index-2.html]
[themewagon.github.io/perfectcut/images/logo.png]
[themewagon.github.io/perfectcut/about.html]
[themewagon.github.io/perfectcut/gallery.html]
[themewagon.github.io/perfectcut/blog.html]
[themewagon.github.io/perfectcut/contact.html]
[themewagon.github.io/perfectcut/images/img-2.png]
[themewagon.github.io/perfectcut/images/img-3.png]
[themewagon.github.io/perfectcut/images/img-4.png]
[themewagon.github.io/perfectcut/images/img-5.png]
[themewagon.github.io/perfectcut/images/img-6.png]
[themewagon.github.io/perfectcut/images/img-7.png]
[themewagon.github.io/perfectcut/images/blog-img.png]
[themewagon.github.io/perfectcut/images/about-img.png]
[themewagon.github.io/perfectcut/images/client-img1.png]
[themewagon.github.io/perfectcut/js/jquery.min.js]
[themewagon.github.io/perfectcut/js/popper.min.js]
[themewagon.github.io/perfectcut/js/bootstrap.bundle.min.js]
[themewagon.github.io/perfectcut/js/jquery-3.0.0.min.js]
[themewagon.github.io/perfectcut/js/plugin.js]
[themewagon.github.io/perfectcut/js/jquery.mCustomScrollbar.concat.min.js]
[themewagon.github.io/perfectcut/js/custom.js]
[themewagon.github.io/perfectcut/cdnjs.cloudflare.com/ajax/libs/fancybox/2.1.5/jquery.fancybox.min.js]
[themewagon.github.io/perfectcut/index.html]
[themewagon.github.io/perfectcut/css/bootstrap.min.css]
[unpkg.com/gijgo@1.9.13/js/gijgo.min.js]
[themewagon.github.io/perfectcut/fonts/BalooChettan-Regular.ttf]
[themewagon.github.io/perfectcut/css/animate.min.css]
[themewagon.github.io/perfectcut/css/normalize.css]
[themewagon.github.io/perfectcut/css/icomoon.css]
[themewagon.github.io/perfectcut/css/css/font-awesome.min.css]
[themewagon.github.io/perfectcut/css/meanmenu.css]
[themewagon.github.io/perfectcut/css/swiper.min.css]
[themewagon.github.io/perfectcut/css/slick.css]
[themewagon.github.io/perfectcut/css/jquery.fancybox.min.css]
[themewagon.github.io/perfectcut/css/jquery-ui.css]
[themewagon.github.io/perfectcut/css/nice-select.css]
[themewagon.github.io/perfectcut/images/banner-bg.png]
[themewagon.github.io/perfectcut/images/down-arrow.png]
[themewagon.github.io/perfectcut/images/calendar-icon.png]
[themewagon.github.io/perfectcut/images/client-bg.png]
[themewagon.github.io/perfectcut/css/style.css]
[themewagon.github.io/perfectcut/css/responsive.css]
[themewagon.github.io/perfectcut/images/fevicon.html]
[themewagon.github.io/perfectcut/css/mCSB_buttons.png]
[themewagon.github.io/perfectcut/css/jquery.mCustomScrollbar.min.css]
[netdna.bootstrapcdn.com/font-awesome/4.0.3/css/font-awesome.css]
[themewagon.github.io/perfectcut/css/owl.video.play.png]
[themewagon.github.io/perfectcut/css/owl.carousel.min.css]
[themewagon.github.io/perfectcut/css/owl.theme.default.min.html]
[cdnjs.cloudflare.com/ajax/libs/fancybox/2.1.5/fancybox_sprite.png]
[cdnjs.cloudflare.com/ajax/libs/fancybox/2.1.5/fancybox_loading.gif]
[cdnjs.cloudflare.com/ajax/libs/fancybox/2.1.5/blank.gif]
[cdnjs.cloudflare.com/ajax/libs/fancybox/2.1.5/fancybox_overlay.png]
[cdnjs.cloudflare.com/ajax/libs/fancybox/2.1.5/fancybox_sprite@2x.png]
[cdnjs.cloudflare.com/ajax/libs/fancybox/2.1.5/jquery.fancybox.min.css]
[unpkg.com/gijgo@1.9.13/css/gijgo.min.css]
[themewagon.github.io/perfectcut/index-2.html]
[themewagon.github.io/perfectcut/about.html]
[themewagon.github.io/perfectcut/gallery.html]
[themewagon.github.io/perfectcut/blog.html]
[themewagon.github.io/perfectcut/contact.html]
[themewagon.github.io/perfectcut/cdnjs.cloudflare.com/ajax/libs/fancybox/2.1.5/jquery.fancybox.min.html]
[themewagon.github.io/perfectcut/fonts/BalooChettan-Regular.html]
[themewagon.github.io/perfectcut/css/animate.min.css]
[themewagon.github.io/perfectcut/css/normalize.css]
[cdnjs.cloudflare.com/ajax/libs/fancybox/2.1.5/fancybox_loading@2x.gif]
[themewagon.github.io/perfectcut/fonts/IcoMoon-Free.ttf]
[themewagon.github.io/perfectcut/css/icomoon.css]
[themewagon.github.io/perfectcut/css/css/font-awesome.min.html]
[themewagon.github.io/perfectcut/css/meanmenu.css]
[themewagon.github.io/perfectcut/css/swiper.min.html]
[themewagon.github.io/perfectcut/css/slick.css]
[themewagon.github.io/perfectcut/css/jquery.fancybox.min.css]
[themewagon.github.io/perfectcut/css/images/ui-icons_444444_256x240.png]
[themewagon.github.io/perfectcut/css/images/ui-icons_555555_256x240.png]
[themewagon.github.io/perfectcut/css/images/ui-icons_ffffff_256x240.png]
[themewagon.github.io/perfectcut/css/images/ui-icons_777620_256x240.png]
[themewagon.github.io/perfectcut/css/images/ui-icons_cc0000_256x240.png]
[themewagon.github.io/perfectcut/css/images/ui-icons_777777_256x240.png]
[themewagon.github.io/perfectcut/css/jquery-ui.css]
[themewagon.github.io/perfectcut/css/nice-select.css]
[themewagon.github.io/perfectcut/css/mCSB_buttons.html]
[themewagon.github.io/perfectcut/css/owl.video.play.html]
[themewagon.github.io/perfectcut/fonts/IcoMoon-Free.html]
[themewagon.github.io/perfectcut/css/images/ui-icons_444444_256x240.html]
[themewagon.github.io/perfectcut/css/images/ui-icons_555555_256x240.html]
[themewagon.github.io/perfectcut/css/images/ui-icons_ffffff_256x240.html]
[themewagon.github.io/perfectcut/css/images/ui-icons_777620_256x240.html]
[themewagon.github.io/perfectcut/css/images/ui-icons_cc0000_256x240.html]
[themewagon.github.io/perfectcut/css/images/ui-icons_777777_256x240.html]
